// Jest Snapshot v1, https://goo.gl/fbAQLP

exports[`nav snapshot test renders correctly 1`] = `null`;
